// Jest Snapshot v1, https://goo.gl/fbAQLP

exports[`<Sorting /> should render correctly 1`] = `"<div class=\\"card sorting col-12\\"><div class=\\"card-body sort-box\\"><h4>Sort movies by</h4><hr><button type=\\"button\\" class=\\"btn  button-sort\\">Likes</button><button type=\\"button\\" class=\\"btn  button-sort\\">Rating</button><button type=\\"button\\" class=\\"btn  button-sort\\">Reset</button></div></div>"`;
